5.529429087511419816e+00 0.000000000000000000e+00 4.575396825396829570e+00 -2.041241452319320082e-01 7.885980109448699135e-03
5.056245805348309474e+00 -1.784576525620620024e-01 4.579617834394900555e+00 -1.128665295966199966e-01 2.118105528447014052e-01
4.774912960575191434e+00 -6.495698024616310129e-02 4.953586497890299256e+00 -2.054120075044399973e-01 6.314216803773819997e-01
5.468060141135129726e+00 -2.250175801852050128e-01 3.850210970464130078e+00 -2.598279209846520166e-01 3.695808815443186734e-01
6.269096283706259598e+00 0.000000000000000000e+00 4.276515151515151381e+00 -3.285643703363849144e-01 6.343137397712921288e-01
6.150602768446280066e+00 0.000000000000000000e+00 4.191897654584219701e+00 -1.460204150811419965e-01 9.848580781789207927e-01
